// Jest Snapshot v1, https://goo.gl/fbAQLP

exports[`HostsTableContainer renders correctly 1`] = `
ShallowWrapper {
  "length": 1,
  Symbol(enzyme.__root__): [Circular],
  Symbol(enzyme.__unrendered__): <HostsTableContainer
    error={Object {}}
    fetchHostsTable={[Function]}
    hosts={
        Object {
            "nodes": Array [
              Object {
                "Customer_Name": "DTS",
                "cluster": "EWR",
                "entries": "26",
                "hmsRelease": "5.5.0",
                "hypervisorRelease": "5.5.0",
                "id": "5474382-422a7b3c-f68e-a230-a0de-372ba874e2ba",
                "latestReport": "4/24/2018",
                "major_release": "3.6.x",
                "model": "OmniCube CN-2400-1",
                "nodeId": "422a7b3c-f68e-a230-a0de-372ba874e2ba",
                "platform": "small",
                "release": "3.6.1",
                "systemSerialNumber": "5474382",
                "vmcount": "14",
              },
              Object {
                "Customer_Name": "DTS",
                "cluster": "EWR",
                "entries": "26",
                "hmsRelease": "5.5.0",
                "hypervisorRelease": "5.5.0",
                "id": "5475382-422ae3cc-65d6-d182-f4bc-d80afe99fbdc",
                "latestReport": "4/24/2018",
                "major_release": "3.6.x",
                "model": "OmniCube CN-2400-1",
                "nodeId": "422ae3cc-65d6-d182-f4bc-d80afe99fbdc",
                "platform": "small",
                "release": "3.6.1",
                "systemSerialNumber": "5475382",
                "vmcount": "16",
              },
              Object {
                "Customer_Name": "DTS",
                "cluster": "BWI",
                "entries": "26",
                "hmsRelease": "5.5.0",
                "hypervisorRelease": "5.5.0",
                "id": "5476382-422accc5-e6d8-513c-5a6a-f01e92c591c8",
                "latestReport": "4/24/2018",
                "major_release": "3.6.x",
                "model": "OmniCube CN-2400-1",
                "nodeId": "422accc5-e6d8-513c-5a6a-f01e92c591c8",
                "platform": "small",
                "release": "3.6.1",
                "systemSerialNumber": "5476382",
                "vmcount": "38",
              },
              Object {
                "Customer_Name": "DTS",
                "cluster": "BWI",
                "entries": "26",
                "hmsRelease": "5.5.0",
                "hypervisorRelease": "5.5.0",
                "id": "5477382-422ae9c5-d661-4552-3161-a082efb9265e",
                "latestReport": "4/24/2018",
                "major_release": "3.6.x",
                "model": "OmniCube CN-2400-1",
                "nodeId": "422ae9c5-d661-4552-3161-a082efb9265e",
                "platform": "small",
                "release": "3.6.1",
                "systemSerialNumber": "5477382",
                "vmcount": "54",
              },
              Object {
                "Customer_Name": "DOZIT",
                "cluster": "DOZIT_GRD",
                "entries": "25",
                "hmsRelease": "6.0.0",
                "hypervisorRelease": "6.0.0",
                "id": "6F3TM02-42189e5e-f827-f213-4593-7ac2e714d62b",
                "latestReport": "4/24/2018",
                "major_release": "3.5.x",
                "model": "OmniCube CN-2000",
                "nodeId": "42189e5e-f827-f213-4593-7ac2e714d62b",
                "platform": "small",
                "release": "3.5.3",
                "systemSerialNumber": "6F3TM02",
                "vmcount": "4",
              },
              Object {
                "Customer_Name": "SureWerx",
                "cluster": "YVR-Cluster-001",
                "entries": "27",
                "hmsRelease": "6.0.0",
                "hypervisorRelease": "6.0.0",
                "id": "1JY1KB2-4230948c-6f36-0e77-b378-0c9333defe84",
                "latestReport": "4/24/2018",
                "major_release": "3.6.x",
                "model": "OmniCube CN-5400-1",
                "nodeId": "4230948c-6f36-0e77-b378-0c9333defe84",
                "platform": "large",
                "release": "3.6.2",
                "systemSerialNumber": "1JY1KB2",
                "vmcount": "27",
              },
              Object {
                "Customer_Name": "Nemko",
                "cluster": "Dallas",
                "entries": "24",
                "hmsRelease": "6.0.0",
                "hypervisorRelease": "6.0.0",
                "id": "7DXDZ72-42211e62-322f-cf28-0547-7dab53139c43",
                "latestReport": "4/24/2018",
                "major_release": "3.5.x",
                "model": "OmniCube CN-2200",
                "nodeId": "42211e62-322f-cf28-0547-7dab53139c43",
                "platform": "small",
                "release": "3.5.1",
                "systemSerialNumber": "7DXDZ72",
                "vmcount": "2",
              },
              Object {
                "Customer_Name": "Genia",
                "cluster": "Simplivity-Glostrup",
                "entries": "27",
                "hmsRelease": "6.5.0",
                "hypervisorRelease": "6.5.0",
                "id": "9CZ4R22-a3bb1942-2983-eec6-da22-0351c1404b62",
                "latestReport": "4/24/2018",
                "major_release": "3.7.x",
                "model": "OmniCube CN-3000",
                "nodeId": "a3bb1942-2983-eec6-da22-0351c1404b62",
                "platform": "medium-old",
                "release": "3.7.0",
                "systemSerialNumber": "9CZ4R22",
                "vmcount": "20",
              },
              Object {
                "Customer_Name": "ZTelco",
                "cluster": "SAN Cluster",
                "entries": "25",
                "hmsRelease": "6.0.0",
                "hypervisorRelease": "6.0.0",
                "id": "1JZTJB2-421b8d22-d2f0-0de1-e03e-1727a3bcfcff",
                "latestReport": "4/24/2018",
                "major_release": "3.6.x",
                "model": "OmniCube CN-5400-1",
                "nodeId": "421b8d22-d2f0-0de1-e03e-1727a3bcfcff",
                "platform": "large",
                "release": "3.6.2",
                "systemSerialNumber": "1JZTJB2",
                "vmcount": "225",
              },
              Object {
                "Customer_Name": "Senmin",
                "cluster": "Sasolburg",
                "entries": "25",
                "hmsRelease": "5.5.0",
                "hypervisorRelease": "5.5.0",
                "id": "14MJC42-564d6f4b-1b30-bbfa-df4b-57f9f6cbc1d6",
                "latestReport": "4/24/2018",
                "major_release": "3.7.x",
                "model": "OmniCube CN-2200",
                "nodeId": "564d6f4b-1b30-bbfa-df4b-57f9f6cbc1d6",
                "platform": "small",
                "release": "3.0.10",
                "systemSerialNumber": "14MJC42",
                "vmcount": "8",
              },
              Object {
                "Customer_Name": "NephosIT",
                "cluster": "SVT-Cluster01",
                "entries": "27",
                "hmsRelease": "6.0.0",
                "hypervisorRelease": "6.0.0",
                "id": "9H0VJB2-42348b27-f553-1f66-662b-fe42024f89da",
                "latestReport": "4/24/2018",
                "major_release": "3.7.x",
                "model": "OmniCube CN-2400-1",
                "nodeId": "42348b27-f553-1f66-662b-fe42024f89da",
                "platform": "small",
                "release": "3.7.0",
                "systemSerialNumber": "9H0VJB2",
                "vmcount": "44",
              },
              Object {
                "Customer_Name": "USOE",
                "cluster": "Richfield_Prod",
                "entries": "2",
                "hmsRelease": "6.0.0",
                "hypervisorRelease": "6.0.0",
                "id": "9H1TJB2-4219f32c-37a8-4222-e83a-909b05b26d62",
                "latestReport": "3/27/2018",
                "major_release": "3.7.x",
                "model": "OmniCube CN-5400-1",
                "nodeId": "4219f32c-37a8-4222-e83a-909b05b26d62",
                "platform": "large",
                "release": "3.7.0",
                "systemSerialNumber": "9H1TJB2",
                "vmcount": "0",
              },
              Object {
                "Customer_Name": "ENRC",
                "cluster": "ERG Pomona",
                "entries": "25",
                "hmsRelease": "",
                "hypervisorRelease": "",
                "id": "9MDMSG2-422b99f9-59c9-1e2c-b1d7-b51970c038d5",
                "latestReport": "4/24/2018",
                "major_release": "3.5.x",
                "model": "OmniCube CN-3400-1",
                "nodeId": "422b99f9-59c9-1e2c-b1d7-b51970c038d5",
                "platform": "medium",
                "release": "3.5.1",
                "systemSerialNumber": "9MDMSG2",
                "vmcount": "8",
              },
              Object {
                "Customer_Name": "Carglass",
                "cluster": "Cluster_Simplivity",
                "entries": "27",
                "hmsRelease": "6.5.0",
                "hypervisorRelease": "6.5.0",
                "id": "B988Q22-0e183842-a9ea-d40a-c43a-8bc205d82c20",
                "latestReport": "4/24/2018",
                "major_release": "3.7.x",
                "model": "OmniCube CN-3000",
                "nodeId": "0e183842-a9ea-d40a-c43a-8bc205d82c20",
                "platform": "medium-old",
                "release": "3.7.0",
                "systemSerialNumber": "B988Q22",
                "vmcount": "3",
              },
              Object {
                "Customer_Name": "Schemmer",
                "cluster": "Cluster01",
                "entries": "27",
                "hmsRelease": "6.5.0",
                "hypervisorRelease": "6.5.0",
                "id": "CBGQZ12-564d74dc-de6c-71c6-c3c4-5f28d98af851",
                "latestReport": "4/24/2018",
                "major_release": "3.7.x",
                "model": "OmniCube CN-2000",
                "nodeId": "564d74dc-de6c-71c6-c3c4-5f28d98af851",
                "platform": "small",
                "release": "3.7.0",
                "systemSerialNumber": "CBGQZ12",
                "vmcount": "11",
              },
              Object {
                "Customer_Name": "NovartOy",
                "cluster": "NFISNASSIMCLU0002",
                "entries": "26",
                "hmsRelease": "6.5.0",
                "hypervisorRelease": "6.5.0",
                "id": "CZ37486V0T-7ce70942-c816-8a83-021d-9e614b72bc49",
                "latestReport": "4/24/2018",
                "major_release": "3.7.x",
                "model": "ProLiant DL380 Gen10",
                "nodeId": "7ce70942-c816-8a83-021d-9e614b72bc49",
                "platform": "flash-small",
                "release": "3.7.2",
                "systemSerialNumber": "CZ37486V0T",
                "vmcount": "0",
              },
              Object {
                "Customer_Name": "Civis",
                "cluster": "Cluster_FIDES",
                "entries": "26",
                "hmsRelease": "6.5.0",
                "hypervisorRelease": "6.5.0",
                "id": "CZ3751ASF6-e2051042-b72e-b2d3-2da5-bac03d53002b",
                "latestReport": "4/24/2018",
                "major_release": "3.7.x",
                "model": "ProLiant DL380 Gen10",
                "nodeId": "e2051042-b72e-b2d3-2da5-bac03d53002b",
                "platform": "flash-small",
                "release": "3.7.2",
                "systemSerialNumber": "CZ3751ASF6",
                "vmcount": "16",
              },
              Object {
                "Customer_Name": "BluerangeITAB",
                "cluster": "Cluster1",
                "entries": "25",
                "hmsRelease": "6.5.0",
                "hypervisorRelease": "6.5.0",
                "id": "CZ3752AWDC-a06f2e42-28f0-9d16-f7a3-d55b9e7095a6",
                "latestReport": "4/24/2018",
                "major_release": "3.7.x",
                "model": "ProLiant DL380 Gen10",
                "nodeId": "a06f2e42-28f0-9d16-f7a3-d55b9e7095a6",
                "platform": "flash-medium",
                "release": "3.7.2",
                "systemSerialNumber": "CZ3752AWDC",
                "vmcount": "4",
              },
              Object {
                "Customer_Name": "InovynNorgeAS",
                "cluster": "Rafnes_Bamble",
                "entries": "25",
                "hmsRelease": "6.5.0",
                "hypervisorRelease": "6.5.0",
                "id": "CZ3752B0TV-fef73d42-59af-55bc-b51c-9ba19b13da69",
                "latestReport": "4/24/2018",
                "major_release": "3.7.x",
                "model": "ProLiant DL380 Gen10",
                "nodeId": "fef73d42-59af-55bc-b51c-9ba19b13da69",
                "platform": "flash-large",
                "release": "3.7.2",
                "systemSerialNumber": "CZ3752B0TV",
                "vmcount": "25",
              },
              Object {
                "Customer_Name": "Euralis",
                "cluster": "Cluster_Oracle",
                "entries": "16",
                "hmsRelease": "6.5.0",
                "hypervisorRelease": "6.5.0",
                "id": "CZ3805J1V1-d0261142-de59-a13c-9129-ff1528f613f7",
                "latestReport": "4/24/2018",
                "major_release": "3.7.x",
                "model": "HPE SimpliVity 380 Series 4000",
                "nodeId": "d0261142-de59-a13c-9129-ff1528f613f7",
                "platform": "flash-small",
                "release": "3.7.3",
                "systemSerialNumber": "CZ3805J1V1",
                "vmcount": "3",
              },
              Object {
                "Customer_Name": "Disboton",
                "cluster": "Cluster Gen10",
                "entries": "10",
                "hmsRelease": "6.5.0",
                "hypervisorRelease": "6.5.0",
                "id": "CZ3808M3VF-be233e42-965a-63a5-7bb1-36b02fe2dc8b",
                "latestReport": "4/14/2018",
                "major_release": "3.7.x",
                "model": "ProLiant DL380 Gen10",
                "nodeId": "be233e42-965a-63a5-7bb1-36b02fe2dc8b",
                "platform": "flash-small",
                "release": "3.7.2",
                "systemSerialNumber": "CZ3808M3VF",
                "vmcount": "8",
              },
              Object {
                "Customer_Name": "Macoretz",
                "cluster": "CLUSTER01",
                "entries": "2",
                "hmsRelease": "6.5.0",
                "hypervisorRelease": "6.5.0",
                "id": "CZ3809NNPE-1cfb0242-4121-b546-7168-0d60e850d73d",
                "latestReport": "4/24/2018",
                "major_release": "3.7.x",
                "model": "HPE SimpliVity 380 Series 4000",
                "nodeId": "1cfb0242-4121-b546-7168-0d60e850d73d",
                "platform": "flash-small",
                "release": "3.7.3",
                "systemSerialNumber": "CZ3809NNPE",
                "vmcount": "3",
              },
              Object {
                "Customer_Name": "PLUG-IT",
                "cluster": "Lambersart 2",
                "entries": "25",
                "hmsRelease": "5.5.0",
                "hypervisorRelease": "5.5.0",
                "id": "17N7J02-4228404d-e1df-4708-b8d1-cadd20dec6d5",
                "latestReport": "4/24/2018",
                "major_release": "3.5.x",
                "model": "OmniCube CN-2000",
                "nodeId": "4228404d-e1df-4708-b8d1-cadd20dec6d5",
                "platform": "small",
                "release": "3.5.3",
                "systemSerialNumber": "17N7J02",
                "vmcount": "1",
              },
            ],
          }
    }
/>,
  Symbol(enzyme.__renderer__): Object {
    "batchedUpdates": [Function],
    "getNode": [Function],
    "render": [Function],
    "simulateEvent": [Function],
    "unmount": [Function],
  },
  Symbol(enzyme.__node__): Object {
    "instance": null,
    "key": undefined,
    "nodeType": "class",
    "props": Object {
      "error": Object {},
      "fetchHostsTable": [Function],
      "hosts": Object {
        "nodes": Array [
          Object {
            "Customer_Name": "DTS",
            "cluster": "EWR",
            "entries": "26",
            "hmsRelease": "5.5.0",
            "hypervisorRelease": "5.5.0",
            "id": "5474382-422a7b3c-f68e-a230-a0de-372ba874e2ba",
            "latestReport": "4/24/2018",
            "major_release": "3.6.x",
            "model": "OmniCube CN-2400-1",
            "nodeId": "422a7b3c-f68e-a230-a0de-372ba874e2ba",
            "platform": "small",
            "release": "3.6.1",
            "systemSerialNumber": "5474382",
            "vmcount": "14",
          },
          Object {
            "Customer_Name": "DTS",
            "cluster": "EWR",
            "entries": "26",
            "hmsRelease": "5.5.0",
            "hypervisorRelease": "5.5.0",
            "id": "5475382-422ae3cc-65d6-d182-f4bc-d80afe99fbdc",
            "latestReport": "4/24/2018",
            "major_release": "3.6.x",
            "model": "OmniCube CN-2400-1",
            "nodeId": "422ae3cc-65d6-d182-f4bc-d80afe99fbdc",
            "platform": "small",
            "release": "3.6.1",
            "systemSerialNumber": "5475382",
            "vmcount": "16",
          },
          Object {
            "Customer_Name": "DTS",
            "cluster": "BWI",
            "entries": "26",
            "hmsRelease": "5.5.0",
            "hypervisorRelease": "5.5.0",
            "id": "5476382-422accc5-e6d8-513c-5a6a-f01e92c591c8",
            "latestReport": "4/24/2018",
            "major_release": "3.6.x",
            "model": "OmniCube CN-2400-1",
            "nodeId": "422accc5-e6d8-513c-5a6a-f01e92c591c8",
            "platform": "small",
            "release": "3.6.1",
            "systemSerialNumber": "5476382",
            "vmcount": "38",
          },
          Object {
            "Customer_Name": "DTS",
            "cluster": "BWI",
            "entries": "26",
            "hmsRelease": "5.5.0",
            "hypervisorRelease": "5.5.0",
            "id": "5477382-422ae9c5-d661-4552-3161-a082efb9265e",
            "latestReport": "4/24/2018",
            "major_release": "3.6.x",
            "model": "OmniCube CN-2400-1",
            "nodeId": "422ae9c5-d661-4552-3161-a082efb9265e",
            "platform": "small",
            "release": "3.6.1",
            "systemSerialNumber": "5477382",
            "vmcount": "54",
          },
          Object {
            "Customer_Name": "DOZIT",
            "cluster": "DOZIT_GRD",
            "entries": "25",
            "hmsRelease": "6.0.0",
            "hypervisorRelease": "6.0.0",
            "id": "6F3TM02-42189e5e-f827-f213-4593-7ac2e714d62b",
            "latestReport": "4/24/2018",
            "major_release": "3.5.x",
            "model": "OmniCube CN-2000",
            "nodeId": "42189e5e-f827-f213-4593-7ac2e714d62b",
            "platform": "small",
            "release": "3.5.3",
            "systemSerialNumber": "6F3TM02",
            "vmcount": "4",
          },
          Object {
            "Customer_Name": "SureWerx",
            "cluster": "YVR-Cluster-001",
            "entries": "27",
            "hmsRelease": "6.0.0",
            "hypervisorRelease": "6.0.0",
            "id": "1JY1KB2-4230948c-6f36-0e77-b378-0c9333defe84",
            "latestReport": "4/24/2018",
            "major_release": "3.6.x",
            "model": "OmniCube CN-5400-1",
            "nodeId": "4230948c-6f36-0e77-b378-0c9333defe84",
            "platform": "large",
            "release": "3.6.2",
            "systemSerialNumber": "1JY1KB2",
            "vmcount": "27",
          },
          Object {
            "Customer_Name": "Nemko",
            "cluster": "Dallas",
            "entries": "24",
            "hmsRelease": "6.0.0",
            "hypervisorRelease": "6.0.0",
            "id": "7DXDZ72-42211e62-322f-cf28-0547-7dab53139c43",
            "latestReport": "4/24/2018",
            "major_release": "3.5.x",
            "model": "OmniCube CN-2200",
            "nodeId": "42211e62-322f-cf28-0547-7dab53139c43",
            "platform": "small",
            "release": "3.5.1",
            "systemSerialNumber": "7DXDZ72",
            "vmcount": "2",
          },
          Object {
            "Customer_Name": "Genia",
            "cluster": "Simplivity-Glostrup",
            "entries": "27",
            "hmsRelease": "6.5.0",
            "hypervisorRelease": "6.5.0",
            "id": "9CZ4R22-a3bb1942-2983-eec6-da22-0351c1404b62",
            "latestReport": "4/24/2018",
            "major_release": "3.7.x",
            "model": "OmniCube CN-3000",
            "nodeId": "a3bb1942-2983-eec6-da22-0351c1404b62",
            "platform": "medium-old",
            "release": "3.7.0",
            "systemSerialNumber": "9CZ4R22",
            "vmcount": "20",
          },
          Object {
            "Customer_Name": "ZTelco",
            "cluster": "SAN Cluster",
            "entries": "25",
            "hmsRelease": "6.0.0",
            "hypervisorRelease": "6.0.0",
            "id": "1JZTJB2-421b8d22-d2f0-0de1-e03e-1727a3bcfcff",
            "latestReport": "4/24/2018",
            "major_release": "3.6.x",
            "model": "OmniCube CN-5400-1",
            "nodeId": "421b8d22-d2f0-0de1-e03e-1727a3bcfcff",
            "platform": "large",
            "release": "3.6.2",
            "systemSerialNumber": "1JZTJB2",
            "vmcount": "225",
          },
          Object {
            "Customer_Name": "Senmin",
            "cluster": "Sasolburg",
            "entries": "25",
            "hmsRelease": "5.5.0",
            "hypervisorRelease": "5.5.0",
            "id": "14MJC42-564d6f4b-1b30-bbfa-df4b-57f9f6cbc1d6",
            "latestReport": "4/24/2018",
            "major_release": "3.7.x",
            "model": "OmniCube CN-2200",
            "nodeId": "564d6f4b-1b30-bbfa-df4b-57f9f6cbc1d6",
            "platform": "small",
            "release": "3.0.10",
            "systemSerialNumber": "14MJC42",
            "vmcount": "8",
          },
          Object {
            "Customer_Name": "NephosIT",
            "cluster": "SVT-Cluster01",
            "entries": "27",
            "hmsRelease": "6.0.0",
            "hypervisorRelease": "6.0.0",
            "id": "9H0VJB2-42348b27-f553-1f66-662b-fe42024f89da",
            "latestReport": "4/24/2018",
            "major_release": "3.7.x",
            "model": "OmniCube CN-2400-1",
            "nodeId": "42348b27-f553-1f66-662b-fe42024f89da",
            "platform": "small",
            "release": "3.7.0",
            "systemSerialNumber": "9H0VJB2",
            "vmcount": "44",
          },
          Object {
            "Customer_Name": "USOE",
            "cluster": "Richfield_Prod",
            "entries": "2",
            "hmsRelease": "6.0.0",
            "hypervisorRelease": "6.0.0",
            "id": "9H1TJB2-4219f32c-37a8-4222-e83a-909b05b26d62",
            "latestReport": "3/27/2018",
            "major_release": "3.7.x",
            "model": "OmniCube CN-5400-1",
            "nodeId": "4219f32c-37a8-4222-e83a-909b05b26d62",
            "platform": "large",
            "release": "3.7.0",
            "systemSerialNumber": "9H1TJB2",
            "vmcount": "0",
          },
          Object {
            "Customer_Name": "ENRC",
            "cluster": "ERG Pomona",
            "entries": "25",
            "hmsRelease": "",
            "hypervisorRelease": "",
            "id": "9MDMSG2-422b99f9-59c9-1e2c-b1d7-b51970c038d5",
            "latestReport": "4/24/2018",
            "major_release": "3.5.x",
            "model": "OmniCube CN-3400-1",
            "nodeId": "422b99f9-59c9-1e2c-b1d7-b51970c038d5",
            "platform": "medium",
            "release": "3.5.1",
            "systemSerialNumber": "9MDMSG2",
            "vmcount": "8",
          },
          Object {
            "Customer_Name": "Carglass",
            "cluster": "Cluster_Simplivity",
            "entries": "27",
            "hmsRelease": "6.5.0",
            "hypervisorRelease": "6.5.0",
            "id": "B988Q22-0e183842-a9ea-d40a-c43a-8bc205d82c20",
            "latestReport": "4/24/2018",
            "major_release": "3.7.x",
            "model": "OmniCube CN-3000",
            "nodeId": "0e183842-a9ea-d40a-c43a-8bc205d82c20",
            "platform": "medium-old",
            "release": "3.7.0",
            "systemSerialNumber": "B988Q22",
            "vmcount": "3",
          },
          Object {
            "Customer_Name": "Schemmer",
            "cluster": "Cluster01",
            "entries": "27",
            "hmsRelease": "6.5.0",
            "hypervisorRelease": "6.5.0",
            "id": "CBGQZ12-564d74dc-de6c-71c6-c3c4-5f28d98af851",
            "latestReport": "4/24/2018",
            "major_release": "3.7.x",
            "model": "OmniCube CN-2000",
            "nodeId": "564d74dc-de6c-71c6-c3c4-5f28d98af851",
            "platform": "small",
            "release": "3.7.0",
            "systemSerialNumber": "CBGQZ12",
            "vmcount": "11",
          },
          Object {
            "Customer_Name": "NovartOy",
            "cluster": "NFISNASSIMCLU0002",
            "entries": "26",
            "hmsRelease": "6.5.0",
            "hypervisorRelease": "6.5.0",
            "id": "CZ37486V0T-7ce70942-c816-8a83-021d-9e614b72bc49",
            "latestReport": "4/24/2018",
            "major_release": "3.7.x",
            "model": "ProLiant DL380 Gen10",
            "nodeId": "7ce70942-c816-8a83-021d-9e614b72bc49",
            "platform": "flash-small",
            "release": "3.7.2",
            "systemSerialNumber": "CZ37486V0T",
            "vmcount": "0",
          },
          Object {
            "Customer_Name": "Civis",
            "cluster": "Cluster_FIDES",
            "entries": "26",
            "hmsRelease": "6.5.0",
            "hypervisorRelease": "6.5.0",
            "id": "CZ3751ASF6-e2051042-b72e-b2d3-2da5-bac03d53002b",
            "latestReport": "4/24/2018",
            "major_release": "3.7.x",
            "model": "ProLiant DL380 Gen10",
            "nodeId": "e2051042-b72e-b2d3-2da5-bac03d53002b",
            "platform": "flash-small",
            "release": "3.7.2",
            "systemSerialNumber": "CZ3751ASF6",
            "vmcount": "16",
          },
          Object {
            "Customer_Name": "BluerangeITAB",
            "cluster": "Cluster1",
            "entries": "25",
            "hmsRelease": "6.5.0",
            "hypervisorRelease": "6.5.0",
            "id": "CZ3752AWDC-a06f2e42-28f0-9d16-f7a3-d55b9e7095a6",
            "latestReport": "4/24/2018",
            "major_release": "3.7.x",
            "model": "ProLiant DL380 Gen10",
            "nodeId": "a06f2e42-28f0-9d16-f7a3-d55b9e7095a6",
            "platform": "flash-medium",
            "release": "3.7.2",
            "systemSerialNumber": "CZ3752AWDC",
            "vmcount": "4",
          },
          Object {
            "Customer_Name": "InovynNorgeAS",
            "cluster": "Rafnes_Bamble",
            "entries": "25",
            "hmsRelease": "6.5.0",
            "hypervisorRelease": "6.5.0",
            "id": "CZ3752B0TV-fef73d42-59af-55bc-b51c-9ba19b13da69",
            "latestReport": "4/24/2018",
            "major_release": "3.7.x",
            "model": "ProLiant DL380 Gen10",
            "nodeId": "fef73d42-59af-55bc-b51c-9ba19b13da69",
            "platform": "flash-large",
            "release": "3.7.2",
            "systemSerialNumber": "CZ3752B0TV",
            "vmcount": "25",
          },
          Object {
            "Customer_Name": "Euralis",
            "cluster": "Cluster_Oracle",
            "entries": "16",
            "hmsRelease": "6.5.0",
            "hypervisorRelease": "6.5.0",
            "id": "CZ3805J1V1-d0261142-de59-a13c-9129-ff1528f613f7",
            "latestReport": "4/24/2018",
            "major_release": "3.7.x",
            "model": "HPE SimpliVity 380 Series 4000",
            "nodeId": "d0261142-de59-a13c-9129-ff1528f613f7",
            "platform": "flash-small",
            "release": "3.7.3",
            "systemSerialNumber": "CZ3805J1V1",
            "vmcount": "3",
          },
          Object {
            "Customer_Name": "Disboton",
            "cluster": "Cluster Gen10",
            "entries": "10",
            "hmsRelease": "6.5.0",
            "hypervisorRelease": "6.5.0",
            "id": "CZ3808M3VF-be233e42-965a-63a5-7bb1-36b02fe2dc8b",
            "latestReport": "4/14/2018",
            "major_release": "3.7.x",
            "model": "ProLiant DL380 Gen10",
            "nodeId": "be233e42-965a-63a5-7bb1-36b02fe2dc8b",
            "platform": "flash-small",
            "release": "3.7.2",
            "systemSerialNumber": "CZ3808M3VF",
            "vmcount": "8",
          },
          Object {
            "Customer_Name": "Macoretz",
            "cluster": "CLUSTER01",
            "entries": "2",
            "hmsRelease": "6.5.0",
            "hypervisorRelease": "6.5.0",
            "id": "CZ3809NNPE-1cfb0242-4121-b546-7168-0d60e850d73d",
            "latestReport": "4/24/2018",
            "major_release": "3.7.x",
            "model": "HPE SimpliVity 380 Series 4000",
            "nodeId": "1cfb0242-4121-b546-7168-0d60e850d73d",
            "platform": "flash-small",
            "release": "3.7.3",
            "systemSerialNumber": "CZ3809NNPE",
            "vmcount": "3",
          },
          Object {
            "Customer_Name": "PLUG-IT",
            "cluster": "Lambersart 2",
            "entries": "25",
            "hmsRelease": "5.5.0",
            "hypervisorRelease": "5.5.0",
            "id": "17N7J02-4228404d-e1df-4708-b8d1-cadd20dec6d5",
            "latestReport": "4/24/2018",
            "major_release": "3.5.x",
            "model": "OmniCube CN-2000",
            "nodeId": "4228404d-e1df-4708-b8d1-cadd20dec6d5",
            "platform": "small",
            "release": "3.5.3",
            "systemSerialNumber": "17N7J02",
            "vmcount": "1",
          },
        ],
      },
    },
    "ref": null,
    "rendered": null,
    "type": [Function],
  },
  Symbol(enzyme.__nodes__): Array [
    Object {
      "instance": null,
      "key": undefined,
      "nodeType": "class",
      "props": Object {
        "error": Object {},
        "fetchHostsTable": [Function],
        "hosts": Object {
          "nodes": Array [
            Object {
              "Customer_Name": "DTS",
              "cluster": "EWR",
              "entries": "26",
              "hmsRelease": "5.5.0",
              "hypervisorRelease": "5.5.0",
              "id": "5474382-422a7b3c-f68e-a230-a0de-372ba874e2ba",
              "latestReport": "4/24/2018",
              "major_release": "3.6.x",
              "model": "OmniCube CN-2400-1",
              "nodeId": "422a7b3c-f68e-a230-a0de-372ba874e2ba",
              "platform": "small",
              "release": "3.6.1",
              "systemSerialNumber": "5474382",
              "vmcount": "14",
            },
            Object {
              "Customer_Name": "DTS",
              "cluster": "EWR",
              "entries": "26",
              "hmsRelease": "5.5.0",
              "hypervisorRelease": "5.5.0",
              "id": "5475382-422ae3cc-65d6-d182-f4bc-d80afe99fbdc",
              "latestReport": "4/24/2018",
              "major_release": "3.6.x",
              "model": "OmniCube CN-2400-1",
              "nodeId": "422ae3cc-65d6-d182-f4bc-d80afe99fbdc",
              "platform": "small",
              "release": "3.6.1",
              "systemSerialNumber": "5475382",
              "vmcount": "16",
            },
            Object {
              "Customer_Name": "DTS",
              "cluster": "BWI",
              "entries": "26",
              "hmsRelease": "5.5.0",
              "hypervisorRelease": "5.5.0",
              "id": "5476382-422accc5-e6d8-513c-5a6a-f01e92c591c8",
              "latestReport": "4/24/2018",
              "major_release": "3.6.x",
              "model": "OmniCube CN-2400-1",
              "nodeId": "422accc5-e6d8-513c-5a6a-f01e92c591c8",
              "platform": "small",
              "release": "3.6.1",
              "systemSerialNumber": "5476382",
              "vmcount": "38",
            },
            Object {
              "Customer_Name": "DTS",
              "cluster": "BWI",
              "entries": "26",
              "hmsRelease": "5.5.0",
              "hypervisorRelease": "5.5.0",
              "id": "5477382-422ae9c5-d661-4552-3161-a082efb9265e",
              "latestReport": "4/24/2018",
              "major_release": "3.6.x",
              "model": "OmniCube CN-2400-1",
              "nodeId": "422ae9c5-d661-4552-3161-a082efb9265e",
              "platform": "small",
              "release": "3.6.1",
              "systemSerialNumber": "5477382",
              "vmcount": "54",
            },
            Object {
              "Customer_Name": "DOZIT",
              "cluster": "DOZIT_GRD",
              "entries": "25",
              "hmsRelease": "6.0.0",
              "hypervisorRelease": "6.0.0",
              "id": "6F3TM02-42189e5e-f827-f213-4593-7ac2e714d62b",
              "latestReport": "4/24/2018",
              "major_release": "3.5.x",
              "model": "OmniCube CN-2000",
              "nodeId": "42189e5e-f827-f213-4593-7ac2e714d62b",
              "platform": "small",
              "release": "3.5.3",
              "systemSerialNumber": "6F3TM02",
              "vmcount": "4",
            },
            Object {
              "Customer_Name": "SureWerx",
              "cluster": "YVR-Cluster-001",
              "entries": "27",
              "hmsRelease": "6.0.0",
              "hypervisorRelease": "6.0.0",
              "id": "1JY1KB2-4230948c-6f36-0e77-b378-0c9333defe84",
              "latestReport": "4/24/2018",
              "major_release": "3.6.x",
              "model": "OmniCube CN-5400-1",
              "nodeId": "4230948c-6f36-0e77-b378-0c9333defe84",
              "platform": "large",
              "release": "3.6.2",
              "systemSerialNumber": "1JY1KB2",
              "vmcount": "27",
            },
            Object {
              "Customer_Name": "Nemko",
              "cluster": "Dallas",
              "entries": "24",
              "hmsRelease": "6.0.0",
              "hypervisorRelease": "6.0.0",
              "id": "7DXDZ72-42211e62-322f-cf28-0547-7dab53139c43",
              "latestReport": "4/24/2018",
              "major_release": "3.5.x",
              "model": "OmniCube CN-2200",
              "nodeId": "42211e62-322f-cf28-0547-7dab53139c43",
              "platform": "small",
              "release": "3.5.1",
              "systemSerialNumber": "7DXDZ72",
              "vmcount": "2",
            },
            Object {
              "Customer_Name": "Genia",
              "cluster": "Simplivity-Glostrup",
              "entries": "27",
              "hmsRelease": "6.5.0",
              "hypervisorRelease": "6.5.0",
              "id": "9CZ4R22-a3bb1942-2983-eec6-da22-0351c1404b62",
              "latestReport": "4/24/2018",
              "major_release": "3.7.x",
              "model": "OmniCube CN-3000",
              "nodeId": "a3bb1942-2983-eec6-da22-0351c1404b62",
              "platform": "medium-old",
              "release": "3.7.0",
              "systemSerialNumber": "9CZ4R22",
              "vmcount": "20",
            },
            Object {
              "Customer_Name": "ZTelco",
              "cluster": "SAN Cluster",
              "entries": "25",
              "hmsRelease": "6.0.0",
              "hypervisorRelease": "6.0.0",
              "id": "1JZTJB2-421b8d22-d2f0-0de1-e03e-1727a3bcfcff",
              "latestReport": "4/24/2018",
              "major_release": "3.6.x",
              "model": "OmniCube CN-5400-1",
              "nodeId": "421b8d22-d2f0-0de1-e03e-1727a3bcfcff",
              "platform": "large",
              "release": "3.6.2",
              "systemSerialNumber": "1JZTJB2",
              "vmcount": "225",
            },
            Object {
              "Customer_Name": "Senmin",
              "cluster": "Sasolburg",
              "entries": "25",
              "hmsRelease": "5.5.0",
              "hypervisorRelease": "5.5.0",
              "id": "14MJC42-564d6f4b-1b30-bbfa-df4b-57f9f6cbc1d6",
              "latestReport": "4/24/2018",
              "major_release": "3.7.x",
              "model": "OmniCube CN-2200",
              "nodeId": "564d6f4b-1b30-bbfa-df4b-57f9f6cbc1d6",
              "platform": "small",
              "release": "3.0.10",
              "systemSerialNumber": "14MJC42",
              "vmcount": "8",
            },
            Object {
              "Customer_Name": "NephosIT",
              "cluster": "SVT-Cluster01",
              "entries": "27",
              "hmsRelease": "6.0.0",
              "hypervisorRelease": "6.0.0",
              "id": "9H0VJB2-42348b27-f553-1f66-662b-fe42024f89da",
              "latestReport": "4/24/2018",
              "major_release": "3.7.x",
              "model": "OmniCube CN-2400-1",
              "nodeId": "42348b27-f553-1f66-662b-fe42024f89da",
              "platform": "small",
              "release": "3.7.0",
              "systemSerialNumber": "9H0VJB2",
              "vmcount": "44",
            },
            Object {
              "Customer_Name": "USOE",
              "cluster": "Richfield_Prod",
              "entries": "2",
              "hmsRelease": "6.0.0",
              "hypervisorRelease": "6.0.0",
              "id": "9H1TJB2-4219f32c-37a8-4222-e83a-909b05b26d62",
              "latestReport": "3/27/2018",
              "major_release": "3.7.x",
              "model": "OmniCube CN-5400-1",
              "nodeId": "4219f32c-37a8-4222-e83a-909b05b26d62",
              "platform": "large",
              "release": "3.7.0",
              "systemSerialNumber": "9H1TJB2",
              "vmcount": "0",
            },
            Object {
              "Customer_Name": "ENRC",
              "cluster": "ERG Pomona",
              "entries": "25",
              "hmsRelease": "",
              "hypervisorRelease": "",
              "id": "9MDMSG2-422b99f9-59c9-1e2c-b1d7-b51970c038d5",
              "latestReport": "4/24/2018",
              "major_release": "3.5.x",
              "model": "OmniCube CN-3400-1",
              "nodeId": "422b99f9-59c9-1e2c-b1d7-b51970c038d5",
              "platform": "medium",
              "release": "3.5.1",
              "systemSerialNumber": "9MDMSG2",
              "vmcount": "8",
            },
            Object {
              "Customer_Name": "Carglass",
              "cluster": "Cluster_Simplivity",
              "entries": "27",
              "hmsRelease": "6.5.0",
              "hypervisorRelease": "6.5.0",
              "id": "B988Q22-0e183842-a9ea-d40a-c43a-8bc205d82c20",
              "latestReport": "4/24/2018",
              "major_release": "3.7.x",
              "model": "OmniCube CN-3000",
              "nodeId": "0e183842-a9ea-d40a-c43a-8bc205d82c20",
              "platform": "medium-old",
              "release": "3.7.0",
              "systemSerialNumber": "B988Q22",
              "vmcount": "3",
            },
            Object {
              "Customer_Name": "Schemmer",
              "cluster": "Cluster01",
              "entries": "27",
              "hmsRelease": "6.5.0",
              "hypervisorRelease": "6.5.0",
              "id": "CBGQZ12-564d74dc-de6c-71c6-c3c4-5f28d98af851",
              "latestReport": "4/24/2018",
              "major_release": "3.7.x",
              "model": "OmniCube CN-2000",
              "nodeId": "564d74dc-de6c-71c6-c3c4-5f28d98af851",
              "platform": "small",
              "release": "3.7.0",
              "systemSerialNumber": "CBGQZ12",
              "vmcount": "11",
            },
            Object {
              "Customer_Name": "NovartOy",
              "cluster": "NFISNASSIMCLU0002",
              "entries": "26",
              "hmsRelease": "6.5.0",
              "hypervisorRelease": "6.5.0",
              "id": "CZ37486V0T-7ce70942-c816-8a83-021d-9e614b72bc49",
              "latestReport": "4/24/2018",
              "major_release": "3.7.x",
              "model": "ProLiant DL380 Gen10",
              "nodeId": "7ce70942-c816-8a83-021d-9e614b72bc49",
              "platform": "flash-small",
              "release": "3.7.2",
              "systemSerialNumber": "CZ37486V0T",
              "vmcount": "0",
            },
            Object {
              "Customer_Name": "Civis",
              "cluster": "Cluster_FIDES",
              "entries": "26",
              "hmsRelease": "6.5.0",
              "hypervisorRelease": "6.5.0",
              "id": "CZ3751ASF6-e2051042-b72e-b2d3-2da5-bac03d53002b",
              "latestReport": "4/24/2018",
              "major_release": "3.7.x",
              "model": "ProLiant DL380 Gen10",
              "nodeId": "e2051042-b72e-b2d3-2da5-bac03d53002b",
              "platform": "flash-small",
              "release": "3.7.2",
              "systemSerialNumber": "CZ3751ASF6",
              "vmcount": "16",
            },
            Object {
              "Customer_Name": "BluerangeITAB",
              "cluster": "Cluster1",
              "entries": "25",
              "hmsRelease": "6.5.0",
              "hypervisorRelease": "6.5.0",
              "id": "CZ3752AWDC-a06f2e42-28f0-9d16-f7a3-d55b9e7095a6",
              "latestReport": "4/24/2018",
              "major_release": "3.7.x",
              "model": "ProLiant DL380 Gen10",
              "nodeId": "a06f2e42-28f0-9d16-f7a3-d55b9e7095a6",
              "platform": "flash-medium",
              "release": "3.7.2",
              "systemSerialNumber": "CZ3752AWDC",
              "vmcount": "4",
            },
            Object {
              "Customer_Name": "InovynNorgeAS",
              "cluster": "Rafnes_Bamble",
              "entries": "25",
              "hmsRelease": "6.5.0",
              "hypervisorRelease": "6.5.0",
              "id": "CZ3752B0TV-fef73d42-59af-55bc-b51c-9ba19b13da69",
              "latestReport": "4/24/2018",
              "major_release": "3.7.x",
              "model": "ProLiant DL380 Gen10",
              "nodeId": "fef73d42-59af-55bc-b51c-9ba19b13da69",
              "platform": "flash-large",
              "release": "3.7.2",
              "systemSerialNumber": "CZ3752B0TV",
              "vmcount": "25",
            },
            Object {
              "Customer_Name": "Euralis",
              "cluster": "Cluster_Oracle",
              "entries": "16",
              "hmsRelease": "6.5.0",
              "hypervisorRelease": "6.5.0",
              "id": "CZ3805J1V1-d0261142-de59-a13c-9129-ff1528f613f7",
              "latestReport": "4/24/2018",
              "major_release": "3.7.x",
              "model": "HPE SimpliVity 380 Series 4000",
              "nodeId": "d0261142-de59-a13c-9129-ff1528f613f7",
              "platform": "flash-small",
              "release": "3.7.3",
              "systemSerialNumber": "CZ3805J1V1",
              "vmcount": "3",
            },
            Object {
              "Customer_Name": "Disboton",
              "cluster": "Cluster Gen10",
              "entries": "10",
              "hmsRelease": "6.5.0",
              "hypervisorRelease": "6.5.0",
              "id": "CZ3808M3VF-be233e42-965a-63a5-7bb1-36b02fe2dc8b",
              "latestReport": "4/14/2018",
              "major_release": "3.7.x",
              "model": "ProLiant DL380 Gen10",
              "nodeId": "be233e42-965a-63a5-7bb1-36b02fe2dc8b",
              "platform": "flash-small",
              "release": "3.7.2",
              "systemSerialNumber": "CZ3808M3VF",
              "vmcount": "8",
            },
            Object {
              "Customer_Name": "Macoretz",
              "cluster": "CLUSTER01",
              "entries": "2",
              "hmsRelease": "6.5.0",
              "hypervisorRelease": "6.5.0",
              "id": "CZ3809NNPE-1cfb0242-4121-b546-7168-0d60e850d73d",
              "latestReport": "4/24/2018",
              "major_release": "3.7.x",
              "model": "HPE SimpliVity 380 Series 4000",
              "nodeId": "1cfb0242-4121-b546-7168-0d60e850d73d",
              "platform": "flash-small",
              "release": "3.7.3",
              "systemSerialNumber": "CZ3809NNPE",
              "vmcount": "3",
            },
            Object {
              "Customer_Name": "PLUG-IT",
              "cluster": "Lambersart 2",
              "entries": "25",
              "hmsRelease": "5.5.0",
              "hypervisorRelease": "5.5.0",
              "id": "17N7J02-4228404d-e1df-4708-b8d1-cadd20dec6d5",
              "latestReport": "4/24/2018",
              "major_release": "3.5.x",
              "model": "OmniCube CN-2000",
              "nodeId": "4228404d-e1df-4708-b8d1-cadd20dec6d5",
              "platform": "small",
              "release": "3.5.3",
              "systemSerialNumber": "17N7J02",
              "vmcount": "1",
            },
          ],
        },
      },
      "ref": null,
      "rendered": null,
      "type": [Function],
    },
  ],
  Symbol(enzyme.__options__): Object {
    "adapter": ReactSixteenAdapter {
      "options": Object {
        "enableComponentDidUpdateOnSetState": true,
      },
    },
  },
}
`;
